
Anda20B.B20B
Anda20N.B20N

LC1251.B12N
LC1251.B14N
LC1251.B16N
LC1251.B18N
LC1251.B20N
LC1251.B24B

System.B11N
SYSTEM_THIN.B11N
System.B11B
SYSTEM12.B12B
SYSTEM12N.B12N
SYSTEM14.B14B
SYSTEM14N.B14N
SYSTEM20.B20B

PCterm.B12N
PCterm.B14N
PCterm.B18N
PCterm.B20N

cour_cyr.B12B
cour_cyr.B12I
cour_cyr.B12N
cour_cyr.B14B
cour_cyr.B14I
cour_cyr.B14N
cour_cyr.B18B
cour_cyr.B18I
cour_cyr.B18N
cour_cyr.B36B
cour_cyr.B36I
cour_cyr.B36N
cour_cyr.B50B
cour_cyr.B50I
cour_cyr.B50N
terminal_cyr.B14N
terminal_cyr.B18B
terminal_cyr.B18N
terminal_cyr.B28B
terminal_cyr.B28N
terminal_cyr.B36B
terminal_cyr.B36N
terminal_cyr.B50B
terminal_cyr.B50N
terminalw_cyr.B14B
terminalw_cyr.B14N
terminalw_cyr.B18B
terminalw_cyr.B18N
terminalw_cyr.B25B
terminalw_cyr.B25N
times_cyr.B12B
times_cyr.B12I
times_cyr.B12N
times_cyr.B14B
times_cyr.B14I
times_cyr.B14N
times_cyr.B18B
times_cyr.B18I
times_cyr.B18N
times_cyr.B24B
times_cyr.B24I
times_cyr.B24N
times_cyr.B36B
times_cyr.B36I
times_cyr.B36N
times_cyr.B50B
times_cyr.B50I
times_cyr.B50N


