C1: IF P1 & 0XC : 1/0; ELSE P0;
C2: IF P3 & 0XC : 1/0; ELSE P2;
C3: IF P5 & 0XC : 1/0; ELSE P4;
C4: IF P7 & 0XC : 1/0; ELSE P6;
C5: IF P9 & 0XC : 1/0; ELSE P8;
C6: IF P11 & 0XC : 1/0; ELSE P10;

#--- misc ---
Q1:   *%D %T
Q2:    $-40P10
Q3:    @-7P10
Q4:    @-7P8
Q5:    @-7P2
Q6:    @-7P12
Q7:    @-7P6


#--- 7.1Cxxx ---
Q10:   #7.1C1
Q11:   #7.1C2
Q12:   #7.1C3
Q13:   #7.1C4
Q14:   #7.1C5
Q15:   #7.1C6




:STRT
:BODY


#      ^*%d.%m.%y^   ^*%T      ^
      ^%Q1                 ^



                CВОДКА ТЕКУЩИХ ИЗМЕРЕНИЙ ПО ПОЖАРНЫМ АГРЕГАТАМ ННС-1-2

   |------------------------------------------------------------------------------------------------|
   |                                    |   ЕД.   |               ЗНАЧЕНИЕ ПАРАМЕТРА                |
   |       НАИМЕНОВАНИЕ                 |   ИЗМ.  |-------------------------------------------------|
   |                                    |         |Пож.Нас.1|Пож.Нас.2|Пож.Нас.3|Пож.Нас.4|Пож.Нас.5|
   |------------------------------------|---------|-------------------------------------------------|
:PARL: P0=Fi_CT711____Vl P1=Fi_CT711____S1 P2=Fi_CT712____Vl P3=Fi_CT712____S1 P4=Fi_CT713____Vl P5=Fi_CT713____S1 P6=Fi_CT714____Vl P7=Fi_CT714____S1 P8=Fi_eCT751___Vl P9=Fi_eCT751___S1 P10=Fi_CT714____Unit
   | Сила тока двиг.нас.пенотуш.        | ^%Q3  ^ | ^%Q10  ^| ^%Q11  ^| ^%Q12  ^| ^%Q13  ^| ^%Q14  ^|
:PARL: P0=Fi_TT711____Vl P1=Fi_TT711____S1 P2=Fi_TT721____Vl P3=Fi_TT721____S1 P4=Fi_TT731____Vl P5=Fi_TT731____S1 P6=Fi_TT741____Vl P7=Fi_TT741____S1 P8=Fi_eTT751___Vl P9=Fi_eTT751___S1 P10=Fi_TT741____Unit
   | Темп.передн.подш.нас.пенотуш.      | ^%Q3  ^ | ^%Q10  ^| ^%Q11  ^| ^%Q12  ^| ^%Q13  ^| ^%Q14  ^|
:PARL: P0=Fi_TT712____Vl P1=Fi_TT712____S1 P2=Fi_TT722____Vl P3=Fi_TT722____S1 P4=Fi_TT732____Vl P5=Fi_TT732____S1 P6=Fi_TT742____Vl P7=Fi_TT742____S1 P8=Fi_eTT752___Vl P9=Fi_eTT752___S1 P10=Fi_TT742____Unit
   | Темп.задн.подш.нас.пенотуш.        | ^%Q3  ^ | ^%Q10  ^| ^%Q11  ^| ^%Q12  ^| ^%Q13  ^| ^%Q14  ^|
:PARL: P0=Fi_TT713____Vl P1=Fi_TT713____S1 P2=Fi_TT723____Vl P3=Fi_TT723____S1 P4=Fi_TT733____Vl P5=Fi_TT733____S1 P6=Fi_TT743____Vl P7=Fi_TT743____S1 P8=Fi_eTT753___Vl P9=Fi_eTT753___S1 P10=Fi_TT743____Unit
   | Темп.пер.подш.дв.нас.пенотуш.      | ^%Q3  ^ | ^%Q10  ^| ^%Q11  ^| ^%Q12  ^| ^%Q13  ^| ^%Q14  ^|
:PARL: P0=Fi_TT714____Vl P1=Fi_TT714____S1 P2=Fi_TT724____Vl P3=Fi_TT724____S1 P4=Fi_TT734____Vl P5=Fi_TT734____S1 P6=Fi_TT744____Vl P7=Fi_TT744____S1 P8=Fi_eTT754___Vl P9=Fi_eTT754___S1 P10=Fi_TT744____Unit
   | Темп.зад.подш.дв.нас.пенотуш.      | ^%Q3  ^ | ^%Q10  ^| ^%Q11  ^| ^%Q12  ^| ^%Q13  ^| ^%Q14  ^|
   |------------------------------------------------------------------------------------------------|

 				CВОДКА ТЕКУЩИХ ИЗМЕРЕНИЙ ПО ПОЖАРНЫМ АГРЕГАТАМ ННС-1-2

   |----------------------------------------------------------------------------|
   |                                    |   ЕД.   |     ЗНАЧЕНИЕ ПАРАМЕТРА      |
   |       НАИМЕНОВАНИЕ                 |   ИЗМ.  |-----------------------------|
   |                                    |         |Пож.Нас.1|Пож.Нас.2|Пож.Нас.3|
   |------------------------------------|---------|-----------------------------|
:PARL: P0=Fi2_4_CT711__Vl P1=Fi2_4_CT711__S1 P2=Fi2_4_CT721__Vl P3=Fi2_4_CT721__S1 P4=Fi2_4_CT731__Vl P5=Fi2_4_CT731__S1 P6=Fi2_4_CT731__Unit
   | Сила тока двиг.нас.пенотуш.        | ^%Q7  ^ | ^%Q10  ^| ^%Q11  ^| ^%Q12  ^|
:PARL: P0=Fi2_4_BT711__Vl P1=Fi2_4_BT711__S1 P2=Fi2_4_BT721__Vl P3=Fi2_4_BT721__S1 P4=Fi2_4_BT731__Vl P5=Fi2_4_BT731__S1 P6=Fi2_4_BT731__Unit
   | Мощность.передн.подш.нас.пенотуш.  | ^%Q7  ^ | ^%Q10  ^| ^%Q11  ^| ^%Q12  ^|
   |----------------------------------------------------------------------------|

:STOP
